#-----------------------------------------------------------
# Vivado v2019.2 (64-bit)
# SW Build 2708876 on Wed Nov  6 21:40:23 MST 2019
# IP Build 2700528 on Thu Nov  7 00:09:20 MST 2019
# Start of session at: Fri Aug 27 23:55:24 2021
# Process ID: 17396
# Current directory: C:/Users/I_Rin/Desktop/2021Practice/wzc_singleCycle
# Command line: vivado.exe -gui_launcher_event rodinguilauncherevent19776 C:\Users\I_Rin\Desktop\2021Practice\wzc_singleCycle\wzc_singleCycle.xpr
# Log file: C:/Users/I_Rin/Desktop/2021Practice/wzc_singleCycle/vivado.log
# Journal file: C:/Users/I_Rin/Desktop/2021Practice/wzc_singleCycle\vivado.jou
#-----------------------------------------------------------
start_gui
open_project C:/Users/I_Rin/Desktop/2021Practice/wzc_singleCycle/wzc_singleCycle.xpr
update_compile_order -fileset sources_1
export_ip_user_files -of_objects  [get_files C:/Users/I_Rin/Desktop/2021Practice/fibonaci.coe] -no_script -reset -force -quiet
remove_files  C:/Users/I_Rin/Desktop/2021Practice/fibonaci.coe
export_ip_user_files -of_objects  [get_files C:/Users/I_Rin/Desktop/2021Practice/wzc_singleCycle/fibonaci.coe] -no_script -reset -force -quiet
remove_files  C:/Users/I_Rin/Desktop/2021Practice/wzc_singleCycle/fibonaci.coe
launch_simulation
source testbench.tcl
update_compile_order -fileset sources_1
update_compile_order -fileset sources_1
relaunch_sim
relaunch_sim
update_compile_order -fileset sources_1
relaunch_sim
relaunch_sim
relaunch_sim
update_compile_order -fileset sources_1
relaunch_sim
relaunch_sim
relaunch_sim
update_compile_order -fileset sources_1
update_compile_order -fileset sources_1
relaunch_sim
update_compile_order -fileset sources_1
update_compile_order -fileset sources_1
relaunch_sim
relaunch_sim
relaunch_sim
run 10 us
run 10 us
relaunch_sim
relaunch_sim
relaunch_sim
relaunch_sim
run 10 us
run 10 us
relaunch_sim
run 10 us
run 10 us
run 10 us
relaunch_sim
run 10 us
synth_design -rtl -name rtl_1
